Header 1,Header 2,Header 3,Header 4," Header 5","Header 6 ",Header 7
"Cell 1 ""with quotes""","Cell 2 with line break 1
line break 2",Cell 3,"Cell, with, commas"," leading space","trailing space ",
